[dalameen.com/ea/index.html]
[backblue.gif]
[fade.gif]
[index.html]
[dalameen.com/ea/wp-content/themes/astra/assets/css/minified/main.min4641.css]
[dalameen.com/ea/wp-content/plugins/elementor/assets/css/frontend.min242d.css]
[dalameen.com/ea/wp-content/plugins/essential-addons-for-elementor-lite/assets/front-end/css/view/general.min0757.css]
[dalameen.com/ea/feed/index.html]
[dalameen.com/ea/wp-content/uploads/essential-addons-elementor/eael-769366f.css]
[dalameen.com/ea/wp-content/uploads/elementor/css/post-703ef61.css]
[dalameen.com/ea/wp-content/plugins/elementor/assets/css/widget-image.min242d.css]
[dalameen.com/ea/wp-content/plugins/elementor/assets/lib/animations/styles/e-animation-pulse-shrink.min242d.css]
[dalameen.com/ea/comments/feed/index.html]
[dalameen.com/ea/wp-content/plugins/elementor/assets/css/widget-heading.min242d.css]
[dalameen.com/ea/wp-content/plugins/elementor/assets/lib/animations/styles/slideInUp.min242d.css]
[dalameen.com/ea/wp-content/plugins/elementor/assets/lib/swiper/v8/css/swiper.min94a4.css]
[dalameen.com/ea/wp-content/plugins/elementor/assets/css/conditionals/e-swiper.min242d.css]
[dalameen.com/ea/wp-content/plugins/elementor/assets/css/widget-image-carousel.min242d.css]
[dalameen.com/ea/wp-content/uploads/elementor/css/post-769442c.css]
[dalameen.com/ea/wp-content/plugins/elementor/assets/lib/font-awesome/css/all.min0757.css]
[dalameen.com/ea/wp-content/plugins/elementor/assets/lib/font-awesome/css/v4-shims.min0757.css]
[dalameen.com/ea/wp-content/uploads/elementor/google-fonts/css/roboto0e71.css]
[dalameen.com/ea/wp-content/uploads/elementor/google-fonts/css/robotoslab15f2.css]
[dalameen.com/ea/wp-content/uploads/elementor/google-fonts/css/electrolize8484.css]
[dalameen.com/ea/wp-includes/js/jquery/jquery.minf43b.js]
[dalameen.com/ea/wp-content/plugins/elementor/assets/lib/font-awesome/js/v4-shims.min0757.js]
[dalameen.com/ea/wp-includes/js/jquery/jquery-migrate.min5589.js]
[dalameen.com/ea/wp-json/wp/v2/pages/769.json]
[dalameen.com/ea/xmlrpc0db0.php]
[dalameen.com/ea/wp-json/index.html]
[dalameen.com/ea/wp-json/oembed/1.0/embed6812.json]
[dalameen.com/ea/wp-json/oembed/1.0/embed7135]
[dalameen.com/ea/wp-content/uploads/2025/08/cropped-ea-sports-logo-32x32.png]
[dalameen.com/ea/wp-content/uploads/2025/08/cropped-ea-sports-logo-192x192.png]
[dalameen.com/ea/wp-content/uploads/2025/08/cropped-ea-sports-logo-180x180.png]
[dalameen.com/ea/wp-content/uploads/2025/08/cropped-Untitled-design-1-120x107.png]
[dalameen.com/ea/wp-content/uploads/2025/08/Add-a-heading-3000-x-700-px-1024x263.png]
[dalameen.com/ea/wp-content/uploads/2025/08/EA-Sports-2026-2048x1180.webp]
[dalameen.com/ea/wp-content/uploads/2025/08/Untitled-design-3-2048x1180.webp]
[dalameen.com/ea/sign-in/index.html]
[dalameen.com/ea/wp-content/uploads/2025/08/M26_GameTime_KeyArt.avif]
[dalameen.com/ea/wp-content/uploads/2025/08/CampusHeroes_KeyArt.avif]
[dalameen.com/ea/wp-content/uploads/2025/08/Xavier_McKinney_16x9.avif]
[dalameen.com/ea/wp-content/uploads/2025/08/Tee_Higgins_16x9.avif]
[dalameen.com/ea/wp-content/uploads/2025/08/Khalil_Mack_16x9.avif]
[dalameen.com/ea/wp-content/uploads/2025/08/Brian_Urlacher_16x9.avif]
[dalameen.com/ea/wp-content/uploads/2025/08/Marshawn_Lynch_16x9.avif]
[dalameen.com/ea/wp-content/uploads/2025/08/mvpBundle26-keyart-16x9-1.avif]
[dalameen.com/ea/wp-content/themes/astra/assets/js/minified/frontend.min4641.js]
[dalameen.com/ea/wp-includes/js/dist/dom-ready.min5346.js]
[dalameen.com/ea/wp-content/plugins/astra-sites/inc/lib/onboarding/assets/dist/template-preview/maina11c.js]
[dalameen.com/ea/wp-content/plugins/essential-addons-for-elementor-lite/assets/front-end/js/view/general.min0757.js]
[dalameen.com/ea/wp-content/uploads/essential-addons-elementor/eael-769366f.js]
[dalameen.com/ea/wp-content/plugins/elementor/assets/js/webpack.runtime.min242d.js]
[dalameen.com/ea/wp-content/plugins/elementor/assets/js/frontend-modules.min242d.js]
[dalameen.com/ea/wp-includes/js/jquery/ui/core.minb37e.js]
[dalameen.com/ea/wp-content/plugins/elementor/assets/js/frontend.min242d.js]
[dalameen.com/ea/index.html]
[dalameen.com/ea/wp-content/themes/astra/assets/css/minified/main.min4641.css]
[dalameen.com/ea/wp-content/plugins/elementor/assets/css/frontend.min242d.css]
[dalameen.com/ea/wp-content/plugins/essential-addons-for-elementor-lite/assets/front-end/css/view/general.min0757.css]
[dalameen.com/ea/wp-content/uploads/essential-addons-elementor/eael-769366f.css]
[dalameen.com/ea/wp-content/uploads/elementor/css/post-703ef61.css]
[dalameen.com/ea/wp-content/plugins/elementor/assets/css/widget-image.min242d.css]
[dalameen.com/ea/wp-content/plugins/elementor/assets/lib/animations/styles/e-animation-pulse-shrink.min242d.css]
[dalameen.com/ea/wp-content/plugins/elementor/assets/css/widget-heading.min242d.css]
[dalameen.com/ea/wp-content/plugins/elementor/assets/lib/animations/styles/slideInUp.min242d.css]
[dalameen.com/ea/wp-content/plugins/elementor/assets/lib/swiper/v8/css/swiper.min94a4.css]
[dalameen.com/ea/wp-content/plugins/elementor/assets/css/conditionals/e-swiper.min242d.css]
[dalameen.com/ea/wp-content/plugins/elementor/assets/css/widget-image-carousel.min242d.css]
[dalameen.com/ea/wp-content/plugins/elementor/assets/lib/swiper/v8/swiper.min94a4.js]
[dalameen.com/ea/wp-content/uploads/2025/08/16656883_060425-wpvi-espn-madden-featured-img.jpg]
[dalameen.com/ea/wp-content/uploads/2025/08/360_F_1338688722_WX1DuCG0DPEIsMQ0UUTEv7R3nY8kUuXi.webp]
[dalameen.com/ea/wp-content/uploads/2025/08/pexels-jean-daniel-2570139-scaled.jpg]
[dalameen.com/ea/wp-content/uploads/elementor/css/post-769442c.css]
[dalameen.com/ea/wp-content/plugins/elementor/assets/lib/font-awesome/webfonts/fa-brands-400.eot]
[dalameen.com/ea/wp-content/plugins/elementor/assets/lib/font-awesome/webfonts/fa-brands-400d41d.eot]
[dalameen.com/ea/wp-content/plugins/elementor/assets/lib/font-awesome/webfonts/fa-brands-400.woff2]
[dalameen.com/ea/wp-content/plugins/elementor/assets/lib/font-awesome/webfonts/fa-brands-400.woff]
[dalameen.com/ea/wp-content/plugins/elementor/assets/lib/font-awesome/webfonts/fa-brands-400.ttf]
[dalameen.com/ea/wp-content/plugins/elementor/assets/lib/font-awesome/webfonts/fa-regular-400.eot]
[dalameen.com/ea/wp-content/plugins/elementor/assets/lib/font-awesome/webfonts/fa-regular-400d41d.eot]
[dalameen.com/ea/wp-content/plugins/elementor/assets/lib/font-awesome/webfonts/fa-brands-400.svg]
[dalameen.com/ea/wp-content/plugins/elementor/assets/lib/font-awesome/webfonts/fa-regular-400.woff2]
[dalameen.com/ea/wp-content/plugins/elementor/assets/lib/font-awesome/webfonts/fa-regular-400.woff]
[dalameen.com/ea/wp-content/plugins/elementor/assets/lib/font-awesome/webfonts/fa-regular-400.ttf]
[dalameen.com/ea/wp-content/plugins/elementor/assets/lib/font-awesome/webfonts/fa-regular-400.svg]
[dalameen.com/ea/wp-content/plugins/elementor/assets/lib/font-awesome/webfonts/fa-solid-900.eot]
[dalameen.com/ea/wp-content/plugins/elementor/assets/lib/font-awesome/webfonts/fa-solid-900d41d.eot]
[dalameen.com/ea/wp-content/plugins/elementor/assets/lib/font-awesome/webfonts/fa-solid-900.woff2]
[dalameen.com/ea/wp-content/plugins/elementor/assets/lib/font-awesome/webfonts/fa-solid-900.woff]
[dalameen.com/ea/wp-content/plugins/elementor/assets/lib/font-awesome/webfonts/fa-solid-900.ttf]
[dalameen.com/ea/wp-content/plugins/elementor/assets/lib/font-awesome/css/all.min0757.css]
[dalameen.com/ea/wp-content/plugins/elementor/assets/lib/font-awesome/css/v4-shims.min0757.css]
[dalameen.com/ea/wp-content/uploads/elementor/google-fonts/fonts/roboto-aa47213c.woff2]
[dalameen.com/ea/wp-content/plugins/elementor/assets/lib/font-awesome/webfonts/fa-solid-900.svg]
[dalameen.com/ea/wp-content/uploads/elementor/google-fonts/fonts/roboto-60dc2a88.woff2]
[dalameen.com/ea/wp-content/uploads/elementor/google-fonts/fonts/roboto-88769a1e.woff2]
[dalameen.com/ea/wp-content/uploads/elementor/google-fonts/fonts/roboto-0585f5a7.woff2]
[dalameen.com/ea/wp-content/uploads/elementor/google-fonts/fonts/roboto-244686ad.woff2]
[dalameen.com/ea/wp-content/uploads/elementor/google-fonts/fonts/roboto-58e5057a.woff2]
[dalameen.com/ea/wp-content/uploads/elementor/google-fonts/fonts/roboto-c012394d.woff2]
[dalameen.com/ea/wp-content/uploads/elementor/google-fonts/fonts/roboto-b8c55b0e.woff2]
[dalameen.com/ea/wp-content/uploads/elementor/google-fonts/fonts/roboto-6fa0783f.woff2]
[dalameen.com/ea/wp-content/uploads/elementor/google-fonts/fonts/roboto-1dba1bc2.woff2]
[dalameen.com/ea/wp-content/uploads/elementor/google-fonts/fonts/roboto-c4482425.woff2]
[dalameen.com/ea/wp-content/uploads/elementor/google-fonts/fonts/roboto-a1dc56af.woff2]
[dalameen.com/ea/wp-content/uploads/elementor/google-fonts/fonts/roboto-20c48c4e.woff2]
[dalameen.com/ea/wp-content/uploads/elementor/google-fonts/fonts/roboto-3603e9b2.woff2]
[dalameen.com/ea/wp-content/uploads/elementor/google-fonts/fonts/roboto-31b09f96.woff2]
[dalameen.com/ea/wp-content/uploads/elementor/google-fonts/fonts/roboto-bf5e5259.woff2]
[dalameen.com/ea/wp-content/uploads/elementor/google-fonts/fonts/roboto-41d25e69.woff2]
[dalameen.com/ea/wp-content/uploads/elementor/google-fonts/fonts/roboto-fb5169d9.woff2]
[dalameen.com/ea/wp-content/uploads/elementor/google-fonts/css/roboto0e71.css]
[dalameen.com/ea/wp-content/uploads/elementor/google-fonts/fonts/robotoslab-83dfed57.woff2]
[dalameen.com/ea/wp-content/uploads/elementor/google-fonts/fonts/robotoslab-f7c1acf8.woff2]
[dalameen.com/ea/wp-content/uploads/elementor/google-fonts/fonts/robotoslab-f5125d80.woff2]
[dalameen.com/ea/wp-content/uploads/elementor/google-fonts/fonts/robotoslab-7335a6ac.woff2]
[dalameen.com/ea/wp-content/uploads/elementor/google-fonts/fonts/robotoslab-a3e20834.woff2]
[dalameen.com/ea/wp-content/uploads/elementor/google-fonts/fonts/robotoslab-ecf35e38.woff2]
[dalameen.com/ea/wp-content/uploads/elementor/google-fonts/fonts/robotoslab-09b550e6.woff2]
[dalameen.com/ea/wp-content/uploads/elementor/google-fonts/css/robotoslab15f2.css]
[dalameen.com/ea/wp-content/uploads/elementor/google-fonts/fonts/electrolize-4d7beb36.woff2]
[dalameen.com/ea/wp-content/uploads/elementor/google-fonts/css/electrolize8484.css]
[dalameen.com/ea/wp-content/uploads/essential-addons-elementor/eael-1257b8c8.css]
[dalameen.com/ea/wp-content/plugins/elementor/assets/css/widget-divider.min242d.css]
[dalameen.com/ea/wp-content/plugins/wpforms-lite/assets/css/frontend/classic/wpforms-full.mine4b2.css]
[dalameen.com/ea/wp-content/uploads/elementor/css/post-1257442d.css]
[dalameen.com/ea/wp-json/wp/v2/pages/1257.json]
[dalameen.com/ea/wp-json/oembed/1.0/embed12ff.json]
[dalameen.com/ea/wp-json/oembed/1.0/embed0fef]
[dalameen.com/ea/wp-content/uploads/elementor/thumbs/3ad75e84-f80d-4b2e-92f7-c5be8f871964-raq4jgakdkp066s6hha7bpf56gdx2cm8wbiq565bs8.png]
[dalameen.com/ea/wp-content/plugins/wpforms-lite/assets/images/submit-spin.svg]
[dalameen.com/ea/wp-content/uploads/essential-addons-elementor/eael-1257b8c8.js]
[dalameen.com/ea/wp-includes/js/underscore.min3ab8.js]
[dalameen.com/ea/wp-includes/js/wp-util.min6c2d.js]
[dalameen.com/ea/wp-content/plugins/wpforms-lite/assets/js/frontend/wpforms.mine4b2.js]
[dalameen.com/ea/wp-content/plugins/wpforms-lite/assets/js/integrations/elementor/frontend.mine4b2.js]
[dalameen.com/ea/wp-content/plugins/wpforms-lite/assets/lib/jquery.validate.min3c17.js]
[dalameen.com/ea/wp-content/plugins/wpforms-lite/assets/lib/mailcheck.mincfa9.js]
[dalameen.com/ea/wp-content/plugins/wpforms-lite/assets/lib/punycode.min8a54.js]
[dalameen.com/ea/wp-content/plugins/wpforms-lite/assets/js/share/utils.mine4b2.js]
[dalameen.com/ea/sign-in/index.html]
[dalameen.com/ea/wp-content/plugins/wpforms-lite/assets/js/frontend/fields/address.mine4b2.js]
[dalameen.com/ea/wp-content/plugins/elementor/assets/lib/font-awesome/webfonts/fa-brands-400.svg]
[dalameen.com/ea/wp-content/plugins/elementor/assets/lib/font-awesome/webfonts/fa-regular-400.svg]
[dalameen.com/ea/wp-content/plugins/elementor/assets/lib/font-awesome/webfonts/fa-solid-900.svg]
[dalameen.com/ea/wp-content/uploads/essential-addons-elementor/eael-1257b8c8.css]
[dalameen.com/ea/wp-content/plugins/elementor/assets/css/widget-divider.min242d.css]
[dalameen.com/ea/wp-content/plugins/wpforms-lite/assets/pro/images/times-solid-white.svg]
[dalameen.com/ea/wp-content/plugins/wpforms-lite/assets/css/frontend/classic/wpforms-full.mine4b2.css]
[dalameen.com/ea/wp-content/uploads/elementor/css/post-1257442d.css]
[dalameen.com/ea/indexd59f.html]
[dalameen.com/ea/wp-content/plugins/wpforms-lite/assets/images/submit-spin.svg]
[dalameen.com/ea/wp-content/plugins/wpforms-lite/assets/pro/images/times-solid-white.html]
